[2026-05-15 07:34:46] 33856 17 TRUE
[2026-05-15 07:34:49] 33854 18 FALSE
[2026-05-15 07:34:52] 40358 19 TRUE
[2026-05-15 07:43:07] 60500 2 TRUE
[2026-05-15 07:43:11] 60508 3 TRUE
[2026-05-15 07:43:16] 58548 4 FALSE
[2026-05-15 07:45:29] 49346 10 FALSE
[2026-05-15 07:45:31] 57236 11 TRUE
[2026-05-15 07:45:33] 56854 12 FALSE
[2026-05-23 00:44:30] 42174 prime 11 YES
[2026-05-23 00:44:44] 42174 prime 10 NO
[2026-05-23 00:44:59] 42174 next_prime 14 17
[2026-05-23 00:45:09] 42174 fact 5 120
[2026-05-23 00:45:13] 42174 fact 150 ERROR
[2026-05-23 00:45:28] 42174 12 ERROR
[2026-05-23 00:46:07] 42174 QUIT BYE
[2026-05-23 00:50:02] 49092 3 7 10 5 SUM=25 MIN=3
[2026-05-23 00:50:11] 49092 4 9 2 SUM=15 MIN=2
[2026-05-23 00:50:20] 49092 1 2 a ERROR
[2026-05-23 00:50:23] 49092 QUIT BYE
